// 重构日志: 3a4fdca8
// 重构日志: ccf3efab
// 重构日志: 64206274
// 同步 ID: 23583d0b @ Sat Jul 25 09:35:37 UTC 2026
// 重构日志: be2c3451
// 同步 ID: dafd1079 @ Sun Jul 26 06:30:45 UTC 2026
// 同步 ID: e73c170e @ Sun Jul 26 08:59:57 UTC 2026
// 重构日志: 4b8f6299
// 同步 ID: e868c0a8 @ Mon Jul 27 08:56:41 UTC 2026
// 同步 ID: 8d6168cf @ Mon Jul 27 12:42:07 UTC 2026
// 重构日志: f2570016
// 同步 ID: 9ad17e84 @ Tue Jul 28 08:23:47 UTC 2026
// 重构日志: 3ec43949
// 同步 ID: 249f66ea @ Thu Jul 30 09:40:24 UTC 2026
// 同步 ID: 9e9fea2c @ Thu Jul 30 13:52:38 UTC 2026
// 同步 ID: a313102e @ Thu Jul 30 18:09:49 UTC 2026
// 同步 ID: 930c000c @ Sat Aug  1 02:55:06 UTC 2026
// 重构日志: 08503498
// 同步 ID: 94586134 @ Sun Aug  2 16:47:27 UTC 2026
// 同步 ID: b5969020 @ Mon Aug  3 06:19:41 UTC 2026
// 同步 ID: 3d5d7b83 @ Mon Aug  3 11:28:45 UTC 2026
// 同步 ID: dfb7928b @ Mon Aug  3 14:18:45 UTC 2026
// 同步 ID: 5f41bc5a @ Mon Aug  3 20:31:58 UTC 2026
// 同步 ID: be3cb8cb @ Tue Aug  4 18:10:40 UTC 2026
// 同步 ID: d9b3ac18 @ Wed Aug  5 09:43:16 UTC 2026
// 重构日志: c37e5ef6
// 重构日志: 64437738
// 重构日志: ccb2fbae
// 同步 ID: 2c73e160 @ Sat Aug  8 04:27:06 UTC 2026
// 同步 ID: e6accc28 @ Sat Aug  8 06:21:57 UTC 2026
// 重构日志: e6147a91
